// Jest Snapshot v1, https://goo.gl/fbAQLP

exports[`Footer component renders a .Footer by default 1`] = `
<footer
  className="footer"
>
  <div
    className="footer"
  >
    <a
      href="https://github.com/awesomething"
      rel="noopener noreferrer"
      target="_blank"
    >
      GitHub
      <i
        className="fab fa-github"
      />
    </a>
    <br />
    <a
      href="https://www.linkedin.com/in/henryebomah/"
      rel="noopener noreferrer"
      target="_blank"
    >
      LinkedIn
      <i
        className="fab fa-linkedin"
      />
    </a>
  </div>
  <div
    className="copyright-text"
  >
    <p>
      Copyright © 2021 | Jobstar
      <br />
      All Rights Reserved
    </p>
  </div>
</footer>
`;

exports[`Footer component renders the Footer given props 1`] = `
<footer
  className="footer"
>
  <div
    className="footer"
  >
    <a
      href="https://github.com/awesomething"
      rel="noopener noreferrer"
      target="_blank"
    >
      GitHub
      <i
        className="fab fa-github"
      />
    </a>
    <br />
    <a
      href="https://www.linkedin.com/in/henryebomah/"
      rel="noopener noreferrer"
      target="_blank"
    >
      LinkedIn
      <i
        className="fab fa-linkedin"
      />
    </a>
  </div>
  <div
    className="copyright-text"
  >
    <p>
      Copyright © 2021 | Jobstar
      <br />
      All Rights Reserved
    </p>
  </div>
</footer>
`;
